A
	a = Hello
	cycle = B
		b = 10
		cycle = Cycle Reference